[2026-08-16 15:12:49] [INFO] [TradingSystem] - Database initialized successfully at database/trading_system.db
[2026-08-16 15:12:49] [INFO] [TradingSystem] - Foundation test passed
[2026-08-16 15:14:52] [INFO] [TradingSystem] - Database initialized successfully at database/trading_system.db
[2026-08-16 15:16:12] [INFO] [TradingSystem] - Database initialized successfully at database/trading_system.db
[2026-08-16 15:16:12] [INFO] [TradingSystem] - [PAPER BROKER] Executed BUY_CE 50 lots of NIFTY_24500_CE at 151.50 (Costs: ₹103.26)
[2026-08-16 15:17:17] [INFO] [TradingSystem] - =========================================================
[2026-08-16 15:17:17] [INFO] [TradingSystem] -   Starting Multi-Agent Nifty Options Trading System (Paper)
[2026-08-16 15:17:17] [INFO] [TradingSystem] - =========================================================
[2026-08-16 15:17:17] [INFO] [TradingSystem] - System Environment: PAPER
[2026-08-16 15:17:17] [INFO] [TradingSystem] - Database initialized successfully at database/trading_system.db
[2026-08-16 15:17:17] [INFO] [TradingSystem] - Database initialized successfully at database/trading_system.db
[2026-08-16 15:17:17] [INFO] [TradingSystem] - Database initialized successfully at database/trading_system.db
[2026-08-16 15:17:17] [INFO] [TradingSystem] -
--- Iteration 1 | Nifty Spot Price: ₹24500.0 | Time: 15:17 ---
[2026-08-16 15:17:17] [WARNING] [TradingSystem] - Trading blocked by Risk Engine: Time limit passed (15:17 > 14:45). No new entries allowed.
[2026-08-16 15:17:17] [INFO] [TradingSystem] -
--- Iteration 2 | Nifty Spot Price: ₹24530.0 | Time: 15:17 ---
[2026-08-16 15:17:17] [WARNING] [TradingSystem] - Trading blocked by Risk Engine: Time limit passed (15:17 > 14:45). No new entries allowed.
[2026-08-16 15:17:17] [INFO] [TradingSystem] -
--- Iteration 3 | Nifty Spot Price: ₹24470.0 | Time: 15:17 ---
[2026-08-16 15:17:17] [WARNING] [TradingSystem] - Trading blocked by Risk Engine: Time limit passed (15:17 > 14:45). No new entries allowed.
[2026-08-16 15:17:17] [INFO] [TradingSystem] -
Simulation run complete. Check dashboard/app.py or SQLite database for logs.
[2026-08-16 15:17:51] [INFO] [TradingSystem] - =========================================================
[2026-08-16 15:17:51] [INFO] [TradingSystem] -   Starting Multi-Agent Nifty Options Trading System (Paper)
[2026-08-16 15:17:51] [INFO] [TradingSystem] - =========================================================
[2026-08-16 15:17:51] [INFO] [TradingSystem] - System Environment: PAPER
[2026-08-16 15:17:51] [INFO] [TradingSystem] - Database initialized successfully at database/trading_system.db
[2026-08-16 15:17:51] [INFO] [TradingSystem] - Database initialized successfully at database/trading_system.db
[2026-08-16 15:17:51] [INFO] [TradingSystem] - Database initialized successfully at database/trading_system.db
[2026-08-16 15:17:51] [INFO] [TradingSystem] -
--- Iteration 1 | Nifty Spot Price: ₹24500.0 | Time: 10:30 ---
[2026-08-16 15:17:51] [INFO] [TradingSystem] - AI Consensus Action: NO_TRADE (Confidence: 60%, Vetoed: False)
[2026-08-16 15:17:51] [INFO] [TradingSystem] - Agent Rationale: Tech Agent: NO_TRADE (NEUTRAL); Greeks Agent: NEUTRAL (NO_TRADE); Risk Approval: False | VETO REASON: No action proposed.
[2026-08-16 15:17:51] [INFO] [TradingSystem] -
--- Iteration 2 | Nifty Spot Price: ₹24530.0 | Time: 10:30 ---
[2026-08-16 15:17:51] [INFO] [TradingSystem] - AI Consensus Action: NO_TRADE (Confidence: 60%, Vetoed: False)
[2026-08-16 15:17:51] [INFO] [TradingSystem] - Agent Rationale: Tech Agent: NO_TRADE (NEUTRAL); Greeks Agent: NEUTRAL (NO_TRADE); Risk Approval: False | VETO REASON: No action proposed.
[2026-08-16 15:17:52] [INFO] [TradingSystem] -
--- Iteration 3 | Nifty Spot Price: ₹24470.0 | Time: 10:30 ---
[2026-08-16 15:17:52] [INFO] [TradingSystem] - AI Consensus Action: NO_TRADE (Confidence: 60%, Vetoed: False)
[2026-08-16 15:17:52] [INFO] [TradingSystem] - Agent Rationale: Tech Agent: NO_TRADE (NEUTRAL); Greeks Agent: NEUTRAL (NO_TRADE); Risk Approval: False | VETO REASON: No action proposed.
[2026-08-16 15:17:52] [INFO] [TradingSystem] -
Simulation run complete. Check dashboard/app.py or SQLite database for logs.
[2026-08-16 15:19:04] [INFO] [TradingSystem] - Database initialized successfully at database/trading_system.db
[2026-08-16 15:19:04] [INFO] [TradingSystem] - Database initialized successfully at database/trading_system.db
[2026-08-16 15:19:04] [INFO] [TradingSystem] - [PAPER BROKER] Executed BUY_CE 50 lots of NIFTY_24500_CE at 151.50 (Costs: ₹103.26)
[2026-08-16 15:19:04] [INFO] [TradingSystem] - [PAPER BROKER] Closed PAPER_A6D3D1F1 at 180.00 | Gross PnL: ₹1425.00 | Net PnL: ₹1206.57
[2026-08-16 15:19:49] [INFO] [TradingSystem] - Database initialized successfully at database/trading_system.db
[2026-08-16 15:19:49] [INFO] [TradingSystem] - Database initialized successfully at database/trading_system.db
[2026-08-16 15:19:49] [INFO] [TradingSystem] - [PAPER BROKER] Executed BUY_CE 50 lots of NIFTY_24500_CE at 151.50 (Costs: ₹103.26)
[2026-08-16 15:19:49] [INFO] [TradingSystem] - [PAPER BROKER] Closed PAPER_3863CB96 at 180.00 | Gross PnL: ₹1425.00 | Net PnL: ₹1206.57
[2026-08-16 15:21:22] [INFO] [TradingSystem] - Database initialized successfully at database/trading_system.db
[2026-08-16 15:21:22] [INFO] [TradingSystem] - Database initialized successfully at database/trading_system.db
[2026-08-16 15:21:22] [INFO] [TradingSystem] - [PAPER BROKER] Executed BUY_CE 50 lots of NIFTY_24500_CE at 151.50 (Costs: ₹103.26)
[2026-08-16 15:21:22] [INFO] [TradingSystem] - [PAPER BROKER] Closed PAPER_5AC92E55 at 180.00 | Gross PnL: ₹1425.00 | Net PnL: ₹1206.57
